[www.tpcollege.org/index.html]
[backblue.gif]
[fade.gif]
[index.html]
[www.tpcollege.org/T.P.College Madhepura/index.html]
[www.tpcollege.org/scripts/jquery-1.9.1.min.js]
[www.tpcollege.org/scripts/docs.min.1.delayed]
[www.tpcollege.org/scripts/ie10-viewport-bug-workaround.js]
[www.tpcollege.org/bootstrap/css/bootstrap-theme.min.css]
[www.tpcollege.org/bootstrap/css/bootstrap.min.css]
[www.tpcollege.org/bootstrap/js/bootstrap.min.js]
[www.tpcollege.org/scripts/jssor.slider.mini.js]
[www.tpcollege.org/styles/news-style.css]
[www.tpcollege.org/images/home-bg.jpg]
[www.tpcollege.org/styles/styles.css]
[pagead2.googlesyndication.com/pagead/js/f.txt]
[maxcdn.bootstrapcdn.com/bootstrap/3.3.5/css/bootstrap-theme.min.css]
[ajax.googleapis.com/ajax/libs/jquery/1.11.3/jquery.min.js]
[maxcdn.bootstrapcdn.com/bootstrap/3.3.5/css/bootstrap.min.css]
[maxcdn.bootstrapcdn.com/bootstrap/3.3.5/js/bootstrap.min.js]
[www.tpcollege.org/styles/custom-menu.css]
[www.tpcollege.org/images/favicon.ico]
[www.tpcollege.org/images/tpcollege.png]
[www.tpcollege.org/images/onld.gif]
[www.tpcollege.org/index7aeb.html]
[www.tpcollege.org/intro9771.html]
[www.tpcollege.org/principles_msg93b2.html]
[www.tpcollege.org/goals&objective5b39.html]
[www.tpcollege.org/faculty.html]
[www.tpcollege.org/rules.html]
[www.tpcollege.org/admission.html]
[www.tpcollege.org/examinations.html]
[www.tpcollege.org/departments.html]
[www.tpcollege.org/fee&scholarship.html]
[www.tpcollege.org/holidays.html]
[www.tpcollege.org/calendar.html]
[www.tpcollege.org/course_higher_sec.html]
[www.tpcollege.org/onlinecourses.html]
[www.tpcollege.org/course_ug.html]
[www.tpcollege.org/course_pg.html]
[www.tpcollege.org/course_voc.html]
[www.tpcollege.org/student_exam_result_ug.html]
[www.tpcollege.org/student_exam_result_pg.html]
[www.tpcollege.org/gallery.html]
[www.tpcollege.org/downloads.html]
[www.tpcollege.org/student_exam_result_voc.html]
[www.tpcollege.org/naac.html]
[www.tpcollege.org/images/loading.gif]
[www.tpcollege.org/single.html]
[www.tpcollege.org/images/slider1.jpg]
[www.tpcollege.org/images/slider2.jpg]
[www.tpcollege.org/images/slider3.jpg]
[www.tpcollege.org/images/slider4.jpg]
[www.tpcollege.org/images/b05.png]
[www.tpcollege.org/images/a11.png]
[www.tpcollege.org/images/new.gif]
[www.tpcollege.org/allnotice.html]
[www.tpcollege.org/images/principle-image.jpg]
[www.tpcollege.org/intro.html]
[www.tpcollege.org/TPC 3 list.pdf]
[www.tpcollege.org/principles_msg.html]
[www.tpcollege.org/TPC-2nd-list.pdf]
[www.tpcollege.org/Tpc B.Ed List.pdf]
[www.tpcollege.org/scripts/jquery.cycle.all.js]
[www.tpcollege.org/images/ugc_logo.jpg]
[www.tpcollege.org/images/ignou.jpg]
[www.tpcollege.org/images/naac.jpg]
[www.tpcollege.org/images/photogallery-h.gif]
[maxcdn.bootstrapcdn.com/font-awesome/4.4.0/css/font-awesome.min.css]
[www.tpcollege.org/www.tpcollege.org]
[www.tpcollege.org/scripts/top.js]
[www.tpcollege.org/styles/top.css]
[www.tpcollege.org/index.html]
[www.tpcollege.org/T.P.College Madhepura/index.html]
[www.tpcollege.org/scripts/jquery-1.9.1.min.js]
[www.tpcollege.org/scripts/docs.min.html]
[www.tpcollege.org/scripts/ie10-viewport-bug-workaround.html]
[www.tpcollege.org/bootstrap/css/bootstrap-theme.min.html]
[www.tpcollege.org/bootstrap/css/bootstrap.min.html]
[www.tpcollege.org/bootstrap/js/bootstrap.min.html]
[www.tpcollege.org/scripts/jssor.slider.mini.js]
[www.tpcollege.org/styles/news-style.css]
[www.tpcollege.org/images/social-icons.png]
[www.tpcollege.org/styles/styles.css]
[maxcdn.bootstrapcdn.com/bootstrap/3.3.5/css/bootstrap.min.css]
[maxcdn.bootstrapcdn.com/bootstrap/3.3.5/css/bootstrap-theme.min.css]
[www.tpcollege.org/styles/custom-menu.css]
[www.tpcollege.org/index7aeb.html]
[www.tpcollege.org/images/tpc.jpg]
[www.tpcollege.org/intro9771.html]
[www.tpcollege.org/principles_msg93b2.html]
[www.tpcollege.org/index-2.html]
[www.tpcollege.org/images/goals&mission.png]
[www.tpcollege.org/goals&objective5b39.html]
[www.tpcollege.org/faculty.html]
[www.tpcollege.org/rules.html]
[www.tpcollege.org/admission.html]
[www.tpcollege.org/images/under-construction.png]
[www.tpcollege.org/examinations.html]
[www.tpcollege.org/images/no-images.jpg]
[www.tpcollege.org/images/departments_pic/btsp_department.jpg]
[www.tpcollege.org/images/departments_pic/bca_department.jpg]
[www.tpcollege.org/images/departments_pic/bba_Department.jpg]
[www.tpcollege.org/departments.html]
[www.tpcollege.org/fee&scholarship.html]
[www.tpcollege.org/calendar.html]
[www.tpcollege.org/holidays.html]
[www.tpcollege.org/onlinecourses.html]
[www.tpcollege.org/course_higher_sec.html]
[www.tpcollege.org/course_ug.html]
[www.tpcollege.org/course_pg.html]
[www.tpcollege.org/course_voc.html]
[www.tpcollege.org/student_exam_result_ug.html]
[www.tpcollege.org/student_exam_result_pg.html]
[www.tpcollege.org/student_exam_result_voc.html]
[www.tpcollege.org/lightbox/css/jquery.lightbox-0.5.css]
[www.tpcollege.org/lightbox/js/jquery.lightbox-0.5.pack.js]
[www.tpcollege.org/styles/demo.css]
[www.tpcollege.org/gallery.html]
[www.tpcollege.org/downloads.html]
[www.tpcollege.org/uploads/iqac.pdf]
[www.tpcollege.org/uploads/ads.pdf]
[www.tpcollege.org/uploads/ps.pdf]
[www.tpcollege.org/uploads/cut.pdf]
[www.tpcollege.org/naac.html]
[www.tpcollege.org/images/direction-icon.png]
[www.tpcollege.org/single.html]
[www.tpcollege.org/allnotice.html]
[www.tpcollege.org/intro.html]
[www.tpcollege.org/principles_msg.html]
[www.tpcollege.org/TPC 3 list.html]
[www.tpcollege.org/scripts/jquery.cycle.all.html]
[maxcdn.bootstrapcdn.com/font-awesome/4.4.0/css/font-awesome.min.css]
[www.tpcollege.org/www.tpcollege.html]
[www.tpcollege.org/scripts/top.js]
[www.tpcollege.org/images/cd-top-arrow.svg]
[www.tpcollege.org/styles/top.css]
[www.tpcollege.org/index-2.html]
[www.tpcollege.org/scripts/script.js]
[www.tpcollege.org/lightbox/css/jquery.lightbox-0.5.html]
[www.tpcollege.org/lightbox/js/jquery.lightbox-0.5.pack.html]
[www.tpcollege.org/styles/demo.css]
[www.tpcollege.org/uploads/ps.html]
[www.tpcollege.org/images/direction-icon.html]
[www.tpcollege.org/images/cd-top-arrow.svg]
